
=== #1 Asaki หูฟังบลูทูธ (Bluetooth) พร้อมกล่อง (Gadget) ===
  offers:55 relevant:45 | repr ¥22.25 → goods ฿113 → landed ฿133
    1. ¥35.7 MOQ3 | New Twss23Pro Private Model Headphones Anc+Enc N
    2. ¥32 MOQ1 | Yinjovete-I3 Heart-Shaped Bluetooth Headphones, 
    3. ¥24 MOQ1 | Bluetooth Earphones 2026 New Model S6 Sports Ear
    4. ¥25 MOQ1 | 2026 wireless open-ear bluetooth headphones - cl
    5. ¥33 MOQ1 | Long-life TWS Wireless Bluetooth Headphones Call

=== #2 AROMA DIFFUSER 11 (Scent/candle) ===
  offers:58 relevant:45 | repr ¥22 → goods ฿112 → landed ฿132
    1. ¥21.3 MOQ1 | Intelligent Colorful Light Glass Art Humidifier 
    2. ¥18.5 MOQ1 | Desktop USB Humidifier Gift Light Humidifier Hum
    3. ¥29.4 MOQ1 | New 6.8L Large Capacity Humidifier USB Double Sp
    4. ¥25.32 MOQ1 | New Style Ambient Light Air Humidifier Desktop H
    5. ¥63.5 MOQ5 | Amazon cross-border 2.5l ultrasonic humidifier -

=== #3 WIRELESS CHARGER 26 (Gadget) ===
#3 CAPTCHA_WAIT (0) — solve slider in Chrome
#3 CAPTCHA_WAIT (1) — solve slider in Chrome
#3 CAPTCHA_WAIT (2) — solve slider in Chrome
#3 CAPTCHA_WAIT (3) — solve slider in Chrome
#3 CAPTCHA_WAIT (4) — solve slider in Chrome
#3 CAPTCHA_WAIT (5) — solve slider in Chrome
#3 CAPTCHA_WAIT (6) — solve slider in Chrome
#3 CAPTCHA_WAIT (7) — solve slider in Chrome
#3 CAPTCHA_WAIT (8) — solve slider in Chrome
#3 CAPTCHA_WAIT (9) — solve slider in Chrome
#3 CAPTCHA_WAIT (10) — solve slider in Chrome
#3 CAPTCHA_WAIT (11) — solve slider in Chrome
#3 CAPTCHA_WAIT (12) — solve slider in Chrome
#3 CAPTCHA_WAIT (13) — solve slider in Chrome
#3 CAPTCHA_WAIT (14) — solve slider in Chrome
#3 CAPTCHA_WAIT (15) — solve slider in Chrome
#3 CAPTCHA_WAIT (16) — solve slider in Chrome
#3 CAPTCHA_WAIT (17) — solve slider in Chrome
#3 CAPTCHA_WAIT (18) — solve slider in Chrome
#3 CAPTCHA_WAIT (19) — solve slider in Chrome
#3 CAPTCHA_WAIT (20) — solve slider in Chrome
#3 CAPTCHA_WAIT (21) — solve slider in Chrome
#3 CAPTCHA_WAIT (22) — solve slider in Chrome
#3 CAPTCHA_WAIT (23) — solve slider in Chrome
#3 CAPTCHA_WAIT (24) — solve slider in Chrome
#3 CAPTCHA_WAIT (25) — solve slider in Chrome
#3 CAPTCHA_WAIT (26) — solve slider in Chrome
#3 CAPTCHA_WAIT (27) — solve slider in Chrome
#3 CAPTCHA_WAIT (28) — solve slider in Chrome
#3 CAPTCHA_WAIT (29) — solve slider in Chrome
  offers:0 relevant:0 | repr ¥null → goods ฿null → landed ฿null

=== #4 GP-GB013 ชุดเซตอุปกรณ์เสริม 3 ชิ้น (Giftset) ===
#4 CAPTCHA_WAIT (0) — solve slider in Chrome
#4 CAPTCHA_WAIT (1) — solve slider in Chrome
#4 CAPTCHA_WAIT (2) — solve slider in Chrome
#4 CAPTCHA_WAIT (3) — solve slider in Chrome
#4 CAPTCHA_WAIT (4) — solve slider in Chrome
#4 CAPTCHA_WAIT (5) — solve slider in Chrome
#4 CAPTCHA_WAIT (6) — solve slider in Chrome
#4 CAPTCHA_WAIT (7) — solve slider in Chrome
#4 CAPTCHA_WAIT (8) — solve slider in Chrome
#4 CAPTCHA_WAIT (9) — solve slider in Chrome
#4 CAPTCHA_WAIT (10) — solve slider in Chrome
#4 CAPTCHA_WAIT (11) — solve slider in Chrome
#4 CAPTCHA_WAIT (12) — solve slider in Chrome
#4 CAPTCHA_WAIT (13) — solve slider in Chrome
#4 CAPTCHA_WAIT (14) — solve slider in Chrome
#4 CAPTCHA_WAIT (15) — solve slider in Chrome
#4 CAPTCHA_WAIT (16) — solve slider in Chrome
#4 CAPTCHA_WAIT (17) — solve slider in Chrome
#4 CAPTCHA_WAIT (18) — solve slider in Chrome
#4 CAPTCHA_WAIT (19) — solve slider in Chrome
#4 CAPTCHA_WAIT (20) — solve slider in Chrome
#4 CAPTCHA_WAIT (21) — solve slider in Chrome
#4 CAPTCHA_WAIT (22) — solve slider in Chrome
#4 CAPTCHA_WAIT (23) — solve slider in Chrome
#4 CAPTCHA_WAIT (24) — solve slider in Chrome
#4 CAPTCHA_WAIT (25) — solve slider in Chrome
#4 CAPTCHA_WAIT (26) — solve slider in Chrome
#4 CAPTCHA_WAIT (27) — solve slider in Chrome
#4 CAPTCHA_WAIT (28) — solve slider in Chrome
#4 CAPTCHA_WAIT (29) — solve slider in Chrome
  offers:0 relevant:0 | repr ¥null → goods ฿null → landed ฿null

=== #5 GP-TB006 กระเป๋าเดินทาง 20”-26″ (Luggage) ===
#5 CAPTCHA_WAIT (0) — solve slider in Chrome
#5 CAPTCHA_WAIT (1) — solve slider in Chrome
#5 CAPTCHA_WAIT (2) — solve slider in Chrome
#5 CAPTCHA_WAIT (3) — solve slider in Chrome
#5 CAPTCHA_WAIT (4) — solve slider in Chrome
#5 CAPTCHA_WAIT (5) — solve slider in Chrome
#5 CAPTCHA_WAIT (6) — solve slider in Chrome
#5 CAPTCHA_WAIT (7) — solve slider in Chrome
#5 CAPTCHA_WAIT (8) — solve slider in Chrome
#5 CAPTCHA_WAIT (9) — solve slider in Chrome
#5 CAPTCHA_WAIT (10) — solve slider in Chrome
#5 CAPTCHA_WAIT (11) — solve slider in Chrome
#5 CAPTCHA_WAIT (12) — solve slider in Chrome
#5 CAPTCHA_WAIT (13) — solve slider in Chrome
#5 CAPTCHA_WAIT (14) — solve slider in Chrome
#5 CAPTCHA_WAIT (15) — solve slider in Chrome
#5 CAPTCHA_WAIT (16) — solve slider in Chrome
#5 CAPTCHA_WAIT (17) — solve slider in Chrome
#5 CAPTCHA_WAIT (18) — solve slider in Chrome
#5 CAPTCHA_WAIT (19) — solve slider in Chrome
#5 CAPTCHA_WAIT (20) — solve slider in Chrome
#5 CAPTCHA_WAIT (21) — solve slider in Chrome
#5 CAPTCHA_WAIT (22) — solve slider in Chrome
#5 CAPTCHA_WAIT (23) — solve slider in Chrome
#5 CAPTCHA_WAIT (24) — solve slider in Chrome
#5 CAPTCHA_WAIT (25) — solve slider in Chrome
#5 CAPTCHA_WAIT (26) — solve slider in Chrome
#5 CAPTCHA_WAIT (27) — solve slider in Chrome
#5 CAPTCHA_WAIT (28) — solve slider in Chrome
#5 CAPTCHA_WAIT (29) — solve slider in Chrome
  offers:0 relevant:0 | repr ¥null → goods ฿null → landed ฿null

==== DONE → results-all.json ====
