
=== #3 WIRELESS CHARGER 26 (Gadget) ===
#3 CAPTCHA_WAIT (0) — solve slider in Chrome
#3 CAPTCHA_WAIT (1) — solve slider in Chrome
#3 CAPTCHA_WAIT (2) — solve slider in Chrome
#3 CAPTCHA_WAIT (3) — solve slider in Chrome
#3 CAPTCHA_WAIT (4) — solve slider in Chrome
#3 CAPTCHA_WAIT (5) — solve slider in Chrome
#3 CAPTCHA_WAIT (6) — solve slider in Chrome
#3 CAPTCHA_WAIT (7) — solve slider in Chrome
#3 CAPTCHA_WAIT (8) — solve slider in Chrome
#3 CAPTCHA_WAIT (9) — solve slider in Chrome
#3 CAPTCHA_WAIT (10) — solve slider in Chrome
#3 CAPTCHA_WAIT (11) — solve slider in Chrome
#3 CAPTCHA_WAIT (12) — solve slider in Chrome
#3 CAPTCHA_WAIT (13) — solve slider in Chrome
#3 CAPTCHA_WAIT (14) — solve slider in Chrome
#3 CAPTCHA_WAIT (15) — solve slider in Chrome
#3 CAPTCHA_WAIT (16) — solve slider in Chrome
#3 CAPTCHA_WAIT (17) — solve slider in Chrome
#3 CAPTCHA_WAIT (18) — solve slider in Chrome
#3 CAPTCHA_WAIT (19) — solve slider in Chrome
#3 CAPTCHA_WAIT (20) — solve slider in Chrome
#3 CAPTCHA_WAIT (21) — solve slider in Chrome
#3 CAPTCHA_WAIT (22) — solve slider in Chrome
#3 CAPTCHA_WAIT (23) — solve slider in Chrome
#3 CAPTCHA_WAIT (24) — solve slider in Chrome
#3 CAPTCHA_WAIT (25) — solve slider in Chrome
#3 CAPTCHA_WAIT (26) — solve slider in Chrome
#3 CAPTCHA_WAIT (27) — solve slider in Chrome
#3 CAPTCHA_WAIT (28) — solve slider in Chrome
#3 CAPTCHA_WAIT (29) — solve slider in Chrome
#3 CAPTCHA_WAIT (30) — solve slider in Chrome
#3 CAPTCHA_WAIT (31) — solve slider in Chrome
#3 CAPTCHA_WAIT (32) — solve slider in Chrome
#3 CAPTCHA_WAIT (33) — solve slider in Chrome
#3 CAPTCHA_WAIT (34) — solve slider in Chrome
#3 CAPTCHA_WAIT (35) — solve slider in Chrome
#3 CAPTCHA_WAIT (36) — solve slider in Chrome
#3 CAPTCHA_WAIT (37) — solve slider in Chrome
#3 CAPTCHA_WAIT (38) — solve slider in Chrome
#3 CAPTCHA_WAIT (39) — solve slider in Chrome
#3 CAPTCHA_WAIT (40) — solve slider in Chrome
#3 CAPTCHA_WAIT (41) — solve slider in Chrome
#3 CAPTCHA_WAIT (42) — solve slider in Chrome
#3 CAPTCHA_WAIT (43) — solve slider in Chrome
#3 CAPTCHA_WAIT (44) — solve slider in Chrome
#3 CAPTCHA_WAIT (45) — solve slider in Chrome
#3 CAPTCHA_WAIT (46) — solve slider in Chrome
#3 CAPTCHA_WAIT (47) — solve slider in Chrome
#3 CAPTCHA_WAIT (48) — solve slider in Chrome
#3 CAPTCHA_WAIT (49) — solve slider in Chrome
#3 CAPTCHA_WAIT (50) — solve slider in Chrome
#3 CAPTCHA_WAIT (51) — solve slider in Chrome
  offers:0 relevant:0 | repr ¥null → goods ฿null → landed ฿null

=== #4 GP-GB013 ชุดเซตอุปกรณ์เสริม 3 ชิ้น (Giftset) ===
#4 CAPTCHA_WAIT (0) — solve slider in Chrome
#4 CAPTCHA_WAIT (1) — solve slider in Chrome
#4 CAPTCHA_WAIT (2) — solve slider in Chrome
#4 CAPTCHA_WAIT (3) — solve slider in Chrome
#4 CAPTCHA_WAIT (4) — solve slider in Chrome
#4 CAPTCHA_WAIT (5) — solve slider in Chrome
#4 CAPTCHA_WAIT (6) — solve slider in Chrome
#4 CAPTCHA_WAIT (7) — solve slider in Chrome
#4 CAPTCHA_WAIT (8) — solve slider in Chrome
#4 CAPTCHA_WAIT (9) — solve slider in Chrome
#4 CAPTCHA_WAIT (10) — solve slider in Chrome
#4 CAPTCHA_WAIT (11) — solve slider in Chrome
#4 CAPTCHA_WAIT (12) — solve slider in Chrome
#4 CAPTCHA_WAIT (13) — solve slider in Chrome
#4 CAPTCHA_WAIT (14) — solve slider in Chrome
#4 CAPTCHA_WAIT (15) — solve slider in Chrome
#4 CAPTCHA_WAIT (16) — solve slider in Chrome
#4 CAPTCHA_WAIT (17) — solve slider in Chrome
#4 CAPTCHA_WAIT (18) — solve slider in Chrome
#4 CAPTCHA_WAIT (19) — solve slider in Chrome
#4 CAPTCHA_WAIT (20) — solve slider in Chrome
#4 CAPTCHA_WAIT (21) — solve slider in Chrome
#4 CAPTCHA_WAIT (22) — solve slider in Chrome
#4 CAPTCHA_WAIT (23) — solve slider in Chrome
#4 CAPTCHA_WAIT (24) — solve slider in Chrome
#4 CAPTCHA_WAIT (25) — solve slider in Chrome
#4 CAPTCHA_WAIT (26) — solve slider in Chrome
#4 CAPTCHA_WAIT (27) — solve slider in Chrome
#4 CAPTCHA_WAIT (28) — solve slider in Chrome
#4 CAPTCHA_WAIT (29) — solve slider in Chrome
#4 CAPTCHA_WAIT (30) — solve slider in Chrome
#4 CAPTCHA_WAIT (31) — solve slider in Chrome
#4 CAPTCHA_WAIT (32) — solve slider in Chrome
#4 CAPTCHA_WAIT (33) — solve slider in Chrome
#4 CAPTCHA_WAIT (34) — solve slider in Chrome
#4 CAPTCHA_WAIT (35) — solve slider in Chrome
#4 CAPTCHA_WAIT (36) — solve slider in Chrome
#4 CAPTCHA_WAIT (37) — solve slider in Chrome
#4 CAPTCHA_WAIT (38) — solve slider in Chrome
#4 CAPTCHA_WAIT (39) — solve slider in Chrome
#4 CAPTCHA_WAIT (40) — solve slider in Chrome
#4 CAPTCHA_WAIT (41) — solve slider in Chrome
#4 CAPTCHA_WAIT (42) — solve slider in Chrome
#4 CAPTCHA_WAIT (43) — solve slider in Chrome
#4 CAPTCHA_WAIT (44) — solve slider in Chrome
#4 CAPTCHA_WAIT (45) — solve slider in Chrome
#4 CAPTCHA_WAIT (46) — solve slider in Chrome
#4 CAPTCHA_WAIT (47) — solve slider in Chrome
#4 CAPTCHA_WAIT (48) — solve slider in Chrome
#4 CAPTCHA_WAIT (49) — solve slider in Chrome
#4 CAPTCHA_WAIT (50) — solve slider in Chrome
#4 CAPTCHA_WAIT (51) — solve slider in Chrome
  offers:0 relevant:0 | repr ¥null → goods ฿null → landed ฿null

=== #5 GP-TB006 กระเป๋าเดินทาง 20”-26″ (Luggage) ===
#5 CAPTCHA_WAIT (0) — solve slider in Chrome
#5 CAPTCHA_WAIT (1) — solve slider in Chrome
#5 CAPTCHA_WAIT (2) — solve slider in Chrome
#5 CAPTCHA_WAIT (3) — solve slider in Chrome
#5 CAPTCHA_WAIT (4) — solve slider in Chrome
#5 CAPTCHA_WAIT (5) — solve slider in Chrome
#5 CAPTCHA_WAIT (6) — solve slider in Chrome
#5 CAPTCHA_WAIT (7) — solve slider in Chrome
#5 CAPTCHA_WAIT (8) — solve slider in Chrome
#5 CAPTCHA_WAIT (9) — solve slider in Chrome
#5 CAPTCHA_WAIT (10) — solve slider in Chrome
#5 CAPTCHA_WAIT (11) — solve slider in Chrome
#5 CAPTCHA_WAIT (12) — solve slider in Chrome
#5 CAPTCHA_WAIT (13) — solve slider in Chrome
#5 CAPTCHA_WAIT (14) — solve slider in Chrome
#5 CAPTCHA_WAIT (15) — solve slider in Chrome
#5 CAPTCHA_WAIT (16) — solve slider in Chrome
#5 CAPTCHA_WAIT (17) — solve slider in Chrome
#5 CAPTCHA_WAIT (18) — solve slider in Chrome
#5 CAPTCHA_WAIT (19) — solve slider in Chrome
#5 CAPTCHA_WAIT (20) — solve slider in Chrome
#5 CAPTCHA_WAIT (21) — solve slider in Chrome
#5 CAPTCHA_WAIT (22) — solve slider in Chrome
#5 CAPTCHA_WAIT (23) — solve slider in Chrome
#5 CAPTCHA_WAIT (24) — solve slider in Chrome
#5 CAPTCHA_WAIT (25) — solve slider in Chrome
#5 CAPTCHA_WAIT (26) — solve slider in Chrome
#5 CAPTCHA_WAIT (27) — solve slider in Chrome
#5 CAPTCHA_WAIT (28) — solve slider in Chrome
#5 CAPTCHA_WAIT (29) — solve slider in Chrome
#5 CAPTCHA_WAIT (30) — solve slider in Chrome
#5 CAPTCHA_WAIT (31) — solve slider in Chrome
#5 CAPTCHA_WAIT (32) — solve slider in Chrome
#5 CAPTCHA_WAIT (33) — solve slider in Chrome
#5 CAPTCHA_WAIT (34) — solve slider in Chrome
#5 CAPTCHA_WAIT (35) — solve slider in Chrome
#5 CAPTCHA_WAIT (36) — solve slider in Chrome
#5 CAPTCHA_WAIT (37) — solve slider in Chrome
#5 CAPTCHA_WAIT (38) — solve slider in Chrome
#5 CAPTCHA_WAIT (39) — solve slider in Chrome
#5 CAPTCHA_WAIT (40) — solve slider in Chrome
#5 CAPTCHA_WAIT (41) — solve slider in Chrome
#5 CAPTCHA_WAIT (42) — solve slider in Chrome
#5 CAPTCHA_WAIT (43) — solve slider in Chrome
#5 CAPTCHA_WAIT (44) — solve slider in Chrome
#5 CAPTCHA_WAIT (45) — solve slider in Chrome
#5 CAPTCHA_WAIT (46) — solve slider in Chrome
#5 CAPTCHA_WAIT (47) — solve slider in Chrome
#5 CAPTCHA_WAIT (48) — solve slider in Chrome
#5 CAPTCHA_WAIT (49) — solve slider in Chrome
#5 CAPTCHA_WAIT (50) — solve slider in Chrome
#5 CAPTCHA_WAIT (51) — solve slider in Chrome
  offers:0 relevant:0 | repr ¥null → goods ฿null → landed ฿null

==== DONE → results-all.json (merged) ====
