OK EX001 ex001-garment (5 imgs)
OK EX004 ex004-drinkware (5 imgs)
OK EX005 ex005-drinkware (5 imgs)
OK EX006 ex006-drinkware (5 imgs)
OK EX007 ex007-garment (5 imgs)
OK EX010 ex010-umbrella (3 imgs)
OK EX011 ex011-umbrella (1 imgs)
OK EX013 ex013-umbrella (2 imgs)
OK EX015 ex015-umbrella (1 imgs)
OK EX016 ex016-umbrella (1 imgs)
OK EX017 ex017-umbrella (1 imgs)
OK EX018 ex018-umbrella (1 imgs)
OK EX019 ex019-umbrella (1 imgs)
OK EX020 ex020-powerbank (1 imgs)
OK EX021 ex021-powerbank (1 imgs)
OK EX022 ex022-fan (1 imgs)
OK EX023 ex023-fan (1 imgs)
OK EX024 ex024-fan (1 imgs)
OK EX028 ex028-drinkware (3 imgs)
OK EX036 ex036-drinkware (2 imgs)
OK EX037 ex037-drinkware (3 imgs)
OK EX041 ex041-drinkware (1 imgs)
OK EX042 ex042-garment (2 imgs)
OK EX043 ex043-hat (1 imgs)
OK EX044 ex044-garment (1 imgs)
OK EX047 ex047-garment (1 imgs)
OK EX048 ex048-garment (2 imgs)
OK EX049 ex049-garment (1 imgs)
OK EX050 ex050-garment (1 imgs)
OK EX052 ex052-garment (1 imgs)
OK EX053 ex053-hat (1 imgs)
OK EX054 ex054-hat (1 imgs)
OK EX055 ex055-hat (1 imgs)
OK EX062 ex062-hat (1 imgs)
OK EX064 ex064-hat (1 imgs)
OK EX076 ex076-garment (1 imgs)
OK EX077 ex077-garment (1 imgs)
OK EX078 ex078-garment (1 imgs)
OK EX079 ex079-garment (1 imgs)
OK EX080 ex080-garment (1 imgs)
OK EX081 ex081-garment (1 imgs)
OK EX082 ex082-drinkware (2 imgs)
OK EX083 ex083-drinkware (5 imgs)
OK EX084 ex084-drinkware (3 imgs)
OK EX085 ex085-drinkware (5 imgs)
OK EX086 ex086-drinkware (2 imgs)
OK EX087 ex087-drinkware (1 imgs)
OK EX088 ex088-drinkware (2 imgs)
OK EX089 ex089-drinkware (2 imgs)
OK EX090 ex090-garment (1 imgs)
OK EX091 ex091-garment (1 imgs)
OK EX092 ex092-garment (1 imgs)
OK EX093 ex093-garment (1 imgs)
OK EX094 ex094-umbrella (1 imgs)
OK EX095 ex095-bag (1 imgs)
OK EX096 ex096-bag (1 imgs)
OK EX097 ex097-bag (1 imgs)
OK EX098 ex098-bag (1 imgs)
OK EX099 ex099-bag (1 imgs)
OK EX100 ex100-bag (1 imgs)
OK EX101 ex101-lifestyle (1 imgs)
OK EX102 ex102-lifestyle (1 imgs)
OK EX103 ex103-lifestyle (1 imgs)
OK EX104 ex104-lifestyle (1 imgs)
OK EX105 ex105-lifestyle (1 imgs)
OK EX106 ex106-lifestyle (1 imgs)
OK EX107 ex107-lifestyle (1 imgs)
OK EX108 ex108-lifestyle (1 imgs)
OK EX109 ex109-lifestyle (1 imgs)
OK EX110 ex110-powerbank (1 imgs)
OK EX111 ex111-powerbank (1 imgs)
done 71
